]0;~/Google Drive/r_packages/package_in_20_minutes[?1034hEvangelines-MacBook-Air:package_in_20_minutes evangelinereynolds$ [KEvangelines-MacBook-Air:package_in_20_minutes evangelinereynolds$ git remote add origin  https://github.com/EvaMaeRey/package_in_20_minutes.git
fatal: Not a git repository (or any of the parent directories): .git
]0;~/Google Drive/r_packages/package_in_20_minutesEvangelines-MacBook-Air:package_in_20_minutes evangelinereynolds$ git push -u origin mas ter
fatal: Not a git repository (or any of the parent directories): .git
]0;~/Google Drive/r_packages/package_in_20_minutesEvangelines-MacBook-Air:package_in_20_minutes evangelinereynolds$ git init
Initialized empty Git repository in /Users/evangelinereynolds/Google Drive/r_packages/package_in_20_minutes/.git/
]0;~/Google Drive/r_packages/package_in_20_minutesEvangelines-MacBook-Air:package_in_20_minutes evangelinereynolds$ git initpush -u origin mastter[A[C[C[C[C[C[C[C[C[C[C[C[C[C[C[C[C[C[C[C[C[C[C[C[C[C[C[C[C[C[C[C[C[C[C[C[C[C[C[C[C[C[C[C[C[C[C[C[C[C[C[C[C[C[C[C[C[C[C[C[C[C[C[C[C[C[C[Cremote add origin https://github.com/EvaMaeRey/package_in_20_minutes.git
]0;~/Google Drive/r_packages/package_in_20_minutesEvangelines-MacBook-Air:package_in_20_minutes evangelinereynolds$ git remote add origin hhttps://github.com/EvaMaeRey/package_in_20_minutes.git[A[C[C[C[C[C[C[C[C[C[C[C[C[C[C[C[Cinit[K
[K[A[C[C[C[C[C[C[C[C[C[C[C[C[C[C[C[C[C[C[C[C[C[C[C[C[C[C[C[C[C[C[C[C[C[C[C[C[C[C[C[C[C[C[C[C[C[C[C[C[C[C[C[C[C[C[C[C[C[C[C[C[C[C[C[C[C[C[C[C[C[C[C[C[C[Cpush -u origin mastter[A[C[C[C[C[C[C[C[C[C[C[C[C[C[C[C[C[C[C[C[C[C[C[C[C[C[C[C[C[C[C[C[C[C[C[C[C[C[C[C[C[C[C[C[C[C[C[C[C[C[C[C[C[C[C[C[C[C[C[C[C[C[C[C[C[C[C[Cinit[K
[K[A[C[C[C[C[C[C[C[C[C[C[C[C[C[C[C[C[C[C[C[C[C[C[C[C[C[C[C[C[C[C[C[C[C[C[C[C[C[C[C[C[C[C[C[C[C[C[C[C[C[C[C[C[C[C[C[C[C[C[C[C[C[C[C[C[C[C[C[C[C[C[C[C[C[Cremote add origin hhttps://github.com/EvaMaeRey/package_in_20_minutes.git[A[C[C[C[C[C[C[C[C[C[C[C[C[C[C[C[Cinit[K
[K[A[C[C[C[C[C[C[C[C[C[C[C[C[C[C[C[C[C[C[C[C[C[C[C[C[C[C[C[C[C[C[C[C[C[C[C[C[C[C[C[C[C[C[C[C[C[C[C[C[C[C[C[C[C[C[C[C[C[C[C[C[C[C[C[C[C[C[C[C[C[C[C[C[C[Cpush -u origin mastter[A[C[C[C[C[C[C[C[C[C[C[C[C[C[C[C[C[C[C[C[C[C[C[C[C[C[C[C[C[C[C[C[C[C[C[C[C[C[C[C[C[C[C[C[C[C[C[C[C[C[C[C[C[C[C[C[C[C[C[C[C[C[C[C[C[C[C[Cremote add origin https://github.com/EvaMaeRey/package_in_20_minutes.git[A[C[C[C[C[C[C[C[C[C[C[C[C[C[C[C[Cpush[K
[K[A[C[C[C[C[C[C[C[C[C[C[C[C[C[C[C[C[C[C[C[C[C[C[C[C[C[C[C[C[C[C[C[C[C[C[C[C[C[C[C[C[C[C[C[C[C[C[C[C[C[C[C[C[C[C[C[C[C[C[C[C[C[C[C[C[C[C[C[C[C[C[C[C[C[Cllsh --set-upstreamm origin master[A[C[C[C[C[C[C[C[C[C[C[C[C[C[C[C[C[C[C[C[C[C[C[C[C[C[C[C[C[C[C[C[C[C[C[C[C[C[C[C[C[C[C[C[C[C[C[C[C[C[C[C[C[C[C[C[C[Cll[K
[K[A[C[C[C[C[C[C[C[C[C[C[C[C[C[C[C[C[C[C[C[C[C[C[C[C[C[C[C[C[C[C[C[C[C[C[C[C[C[C[C[C[C[C[C[C[C[C[C[C[C[C[C[C[C[C[C[C[C[C[C[C[C[C[C[C[C[C[C[C[C[C[C[C[C[Cshremote add origin hhttps://github.com/EvaMaeRey/package_in_20_minutes.git[A[C[C[C[C[C[C[C[C[C[C[C[C[C[C[C[Cpush -u origin master[K[A[C[C[C[C[C[C[C[C[C[C[C[C[C[C[C[C[C[C[C[C[C[C[C[C[C[C[C[C[C[C[C[C[C[C[C[C[C[C[C[C[C[C[C[C[C[C[C[C[C[C[C[C[C[C[C[C[C[C[C[C[C[C[C[C[C[C[Cinit[K
[K[A[C[C[C[C[C[C[C[C[C[C[C[C[C[C[C[C[C[C[C[C[C[C[C[C[C[C[C[C[C[C[C[C[C[C[C[C[C[C[C[C[C[C[C[C[C[C[C[C[C[C[C[C[C[C[C[C[C[C[C[C[C[C[C[C[C[C[C[C[C[C[C[C[C[Cremote add origin hhttps://github.com/EvaMaeRey/package_in_20_minutes.git[A[C[C[C[C[C[C[C[C[C[C[C[C[K
[K[A[C[C[C[C[C[C[C[C[C[C[C[C[C[C[C[C[C[C[C[C[C[C[C[C[C[C[C[C[C[C[C[C[C[C[C[C[C[C[C[C[C[C[C[C[C[C[C[C[C[C[C[C[C[C[C[C[C[C[C[C[C[C[C[C[C[Cgit push -u origin mas ter
error: src refspec master does not match any.
error: failed to push some refs to 'https://github.com/EvaMaeRey/package_in_20_minutes.git'
]0;~/Google Drive/r_packages/package_in_20_minutesEvangelines-MacBook-Air:package_in_20_minutes evangelinereynolds$ git add .
]0;~/Google Drive/r_packages/package_in_20_minutesEvangelines-MacBook-Air:package_in_20_minutes evangelinereynolds$ git commit -m ([K"this is  a guide for creatng a pla[K[Kackage"
[master (root-commit) aad6ae4] this is a guide for creatng a package
 7 files changed, 580 insertions(+)
 create mode 100644 .Rproj.user/C3865889/console06/2F647498
 create mode 100644 .Rproj.user/C3865889/console06/2F647498.env
 create mode 100644 .Rproj.user/C3865889/console06/INDEX001
 create mode 100644 .Rproj.user/C3865889/sources/s-BF1B6B32/lock_file
 create mode 100644 .Rproj.user/shared/notebooks/patch-chunk-names
 create mode 100644 package_in_20_minutes.Rmd
 create mode 100644 package_in_20_minutes.Rproj
]0;~/Google Drive/r_packages/package_in_20_minutesEvangelines-MacBook-Air:package_in_20_minutes evangelinereynolds$ git commit -m "this is  a guide for creatng a package"[A[C[C[C[C[C[C[C[C[C[C[C[C[C[C[C[C[C[C[C[C[C[C[C[C[C[C[C[C[C[C[C[C[C[C[C[K
[K[A[C[C[C[C[C[C[C[C[C[C[C[C[C[C[C[C[C[C[C[C[C[C[C[C[C[C[C[C[C[C[C[C[C[C[C[C[C[C[C[C[C[C[C[C[C[C[C[C[C[C[C[C[C[C[C[C[C[C[C[C[C[C[C[C[C[Cgit commit -m "this is  a guide for creatng a package"[A[C[C[C[C[C[C[C[C[C[C[C[C[C[C[C[C[C[C[C[C[C[C[C[C[C[C[C[C[C[C[C[C[C[C[C[C[C[C[Cadd .[K
[K[A[C[C[C[C[C[C[C[C[C[C[C[C[C[C[C[C[C[C[C[C[C[C[C[C[C[C[C[C[C[C[C[C[C[C[C[C[C[C[C[C[C[C[C[C[C[C[C[C[C[C[C[C[C[C[C[C[C[C[C[C[C[C[C[C[C[C[C[C[C[C[C[C[C[C[Cpush -u origin mastter
Counting objects: 15, done.
Delta compression using up to 4 threads.
Compressing objects:  10% (1/10)   Compressing objects:  20% (2/10)   Compressing objects:  30% (3/10)   Compressing objects:  40% (4/10)   Compressing objects:  50% (5/10)   Compressing objects:  60% (6/10)   Compressing objects:  70% (7/10)   Compressing objects:  80% (8/10)   Compressing objects:  90% (9/10)   Compressing objects: 100% (10/10)   Compressing objects: 100% (10/10), done.
Writing objects:   6% (1/15)   Writing objects:  13% (2/15)   Writing objects:  20% (3/15)   Writing objects:  26% (4/15)   Writing objects:  33% (5/15)   Writing objects:  40% (6/15)   Writing objects:  46% (7/15)   Writing objects:  53% (8/15)   Writing objects:  60% (9/15)   Writing objects:  66% (10/15)   Writing objects:  73% (11/15)   Writing objects:  80% (12/15)   Writing objects:  86% (13/15)   Writing objects:  93% (14/15)   Writing objects: 100% (15/15)   Writing objects: 100% (15/15), 7.32 KiB | 2.44 MiB/s, done.
Total 15 (delta 0), reused 0 (delta 0)
To https://github.com/EvaMaeRey/package_in_20_minutes.git
 * [new branch]      master -> master
Branch master set up to track remote branch master from origin.
]0;~/Google Drive/r_packages/package_in_20_minutesEvangelines-MacBook-Air:package_in_20_minutes evangelinereynolds$ [KEvangelines-MacBook-Air:package_in_20_minutes evangelinereynolds$ git push -u origin mastter[A[C[C[C[C[C[C[C[C[C[C[C[C[C[C[C[C[C[C[C[C[C[C[C[C[C[C[C[C[C[C[C[C[C[C[C[C[C[C[C[C[C[C[C[C[C[C[C[C[C[C[C[C[C[C[C[C[C[C[C[C[C[C[C[C[C[C[Ccommit -m "this is a guide for creatng a package"[A[C[C[C[C[C[C[C[C[C[C[C[C[C[C[C[C[C[C[C[C[C[C[C[C[C[C[C[C[C[C[C[C[C[C[C[C[C[C[Cadd .[K
[K[A[C[C[C[C[C[C[C[C[C[C[C[C[C[C[C[C[C[C[C[C[C[C[C[C[C[C[C[C[C[C[C[C[C[C[C[C[C[C[C[C[C[C[C[C[C[C[C[C[C[C[C[C[C[C[C[C[C[C[C[C[C[C[C[C[C[C[C[C[C[C[C[C[C[C[C
]0;~/Google Drive/r_packages/package_in_20_minutesEvangelines-MacBook-Air:package_in_20_minutes evangelinereynolds$ git add .push -u origin mastter[A[C[C[C[C[C[C[C[C[C[C[C[C[C[C[C[C[C[C[C[C[C[C[C[C[C[C[C[C[C[C[C[C[C[C[C[C[C[C[C[C[C[C[C[C[C[C[C[C[C[C[C[C[C[C[C[C[C[C[C[C[C[C[C[C[C[C[Ccommit -m "this is a guide for creatng a package"[1P"[1P"[1P"[1P"[1P"[1P"[1P"[1P"[1P"[1P"[1P"[1P"[1P"[1P"[1P"[1P"[1P"[1P"[1P"[1P"[1P"[1P"[1P"[1P"[1P"[1P"[1P"[1P"[1P"[1P"[A[C[C[C[C[C[C[C[C[C[C[C[C[C[C[C[C[C[C[C[C[C[C[C[C[C[C[C[C[C[C[C[C[C[C[C[C[C[C[C[C[C[C[C[C[C[C[C[C[C[C[C[C[C[C[C[C[C[C[C[C[C[C[C[C[C[C[C[C[C[C[C[C[C[C[C[C[C[C[C[C[C[C[C[C[C[C[C" [K[A[C[C[C[C[C[C[C[C[C[C[C[C[C[C[C[C[C[C[C[C[C[C[C[C[C[C[C[C[C[C[C[C[C[C[C[C[C[C[C[C[C[C[C[C[C[C[C[C[C[C[C[C[C[C[C[C[C[C[C[C[C[C[C[C[C[C[C[C[C[C[C[C[C[C[C[C[C[C[C[C[C[C[C[C[C[C[C[1P"
[K[A[C[C[C[C[C[C[C[C[C[C[C[C[C[C[C[C[C[C[C[C[C[C[C[C[C[C[C[C[C[C[C[C[C[C[C[C[C[C[C[C[C[C[C[C[C[C[C[C[C[C[C[C[C[C[C[C[C[C[C[C[C[C[C[C[C[C[C[C[C[C[C[C[C[C[C[C[C[C[C[C[C[C[C[C[C[C[1P"[1P"[1P"[1P"[1P"c"o"m"p"i"l" [A[C[C[C[C[C[C[C[C[C[C[C[C[C[C[C[C[C[C[C[C[C[C[C[C[C[C[C[C[C[C[C[C[C[C[C[C[C[C[C[C[C[C[C[C[C[C[C[C[C[C[C[C[C[C[C[C[C[C[C[C[C[C[C[C[C[C[C[C[C[C[C[C[C[C[C[C[C[C[C[C[C[C[C[C[C[Ce""d" "R"m"d"
[master 633cc10] compiled Rmd
 11 files changed, 1316 insertions(+), 3 deletions(-)
 create mode 100644 .Rproj.user/C3865889/sources/prop/73D7C0E6
 create mode 100644 .Rproj.user/C3865889/sources/prop/INDEX
 create mode 100644 .Rproj.user/C3865889/sources/s-BF1B6B32/BE2D338E
 create mode 100644 .Rproj.user/C3865889/sources/s-BF1B6B32/BE2D338E-contents
 create mode 100644 .Rproj.user/shared/notebooks/9C2613DE-package_in_20_minutes/1/C3865889BF1B6B32/chunks.json
 create mode 100644 .Rproj.user/shared/notebooks/9C2613DE-package_in_20_minutes/1/s/chunks.json
 create mode 100644 .Rproj.user/shared/notebooks/paths
 create mode 100644 package_in_20_minutes.html
]0;~/Google Drive/r_packages/package_in_20_minutesEvangelines-MacBook-Air:package_in_20_minutes evangelinereynolds$ fa[K[Ktw[K[Kc[Kge[Kit add[K[K[K[K[K[Kit push
Counting objects: 22, done.
Delta compression using up to 4 threads.
Compressing objects:   5% (1/19)   Compressing objects:  10% (2/19)   Compressing objects:  15% (3/19)   Compressing objects:  21% (4/19)   Compressing objects:  26% (5/19)   Compressing objects:  31% (6/19)   Compressing objects:  36% (7/19)   Compressing objects:  42% (8/19)   Compressing objects:  47% (9/19)   Compressing objects:  52% (10/19)   Compressing objects:  57% (11/19)   Compressing objects:  63% (12/19)   Compressing objects:  68% (13/19)   Compressing objects:  73% (14/19)   Compressing objects:  78% (15/19)   Compressing objects:  84% (16/19)   Compressing objects:  89% (17/19)   Compressing objects:  94% (18/19)   Compressing objects: 100% (19/19)   Compressing objects: 100% (19/19), done.
Writing objects:   4% (1/22)   Writing objects:   9% (2/22)   Writing objects:  13% (3/22)   Writing objects:  18% (4/22)   Writing objects:  22% (5/22)   Writing objects:  27% (6/22)   Writing objects:  31% (7/22)   Writing objects:  36% (8/22)   Writing objects:  40% (9/22)   Writing objects:  45% (10/22)   Writing objects:  50% (11/22)   Writing objects:  54% (12/22)   Writing objects:  59% (13/22)   Writing objects:  63% (14/22)   Writing objects:  68% (15/22)   Writing objects:  72% (16/22)   Writing objects:  77% (17/22)   Writing objects:  81% (18/22)   Writing objects:  86% (19/22)   Writing objects:  90% (20/22)   Writing objects:  95% (21/22)   Writing objects: 100% (22/22)   Writing objects: 100% (22/22), 221.91 KiB | 4.82 MiB/s, done.
Total 22 (delta 2), reused 0 (delta 0)
remote: Resolving deltas:   0% (0/2)[Kremote: Resolving deltas:  50% (1/2)[Kremote: Resolving deltas: 100% (2/2)[Kremote: Resolving deltas: 100% (2/2), completed with 2 local objects.[K
To https://github.com/EvaMaeRey/package_in_20_minutes.git
   aad6ae4..633cc10  master -> master
[KEvangelines-MacBook-Air:package_in_20_minutes evangelinereynolds$ git pushllsh --set-upstream origin master[Kcommit -m "let's try this again"add .[K
]0;~/Google Drive/r_packages/package_in_20_minutesEvangelines-MacBook-Air:package_in_20_minutes evangelinereynolds$ git add .[1Ppushllsh --set-upstream origin master[Kcommit -m "let's try this again"add .[Kcommit -m "let's try this again"[1P"[1P"[1P"[1P"[1P"[1P"[1P"[1P"[1P"[1P"[1P"[1P"[1P"[1P"[1P"[1P"[1P"[1P"[1P"[1P"s"o"m"e" "e"d"i"t"s"
[master 2a3dec5] some edits
 9 files changed, 84 insertions(+), 558 deletions(-)
 rewrite .Rproj.user/C3865889/console06/INDEX001 (100%)
 delete mode 100644 .Rproj.user/C3865889/sources/s-BF1B6B32/BE2D338E
 delete mode 100644 .Rproj.user/C3865889/sources/s-BF1B6B32/BE2D338E-contents
 delete mode 100644 .Rproj.user/C3865889/sources/s-BF1B6B32/lock_file
 create mode 100644 .gitignore
]0;~/Google Drive/r_packages/package_in_20_minutesEvangelines-MacBook-Air:package_in_20_minutes evangelinereynolds$ git commit -m "some edits"add .[K[1Ppushllsh
Counting objects: 13, done.
Delta compression using up to 4 threads.
Compressing objects:   9% (1/11)   Compressing objects:  18% (2/11)   Compressing objects:  27% (3/11)   Compressing objects:  36% (4/11)   Compressing objects:  45% (5/11)   Compressing objects:  54% (6/11)   Compressing objects:  63% (7/11)   Compressing objects:  72% (8/11)   Compressing objects:  81% (9/11)   Compressing objects:  90% (10/11)   Compressing objects: 100% (11/11)   Compressing objects: 100% (11/11), done.
Writing objects:   7% (1/13)   Writing objects:  15% (2/13)   Writing objects:  23% (3/13)   Writing objects:  30% (4/13)   Writing objects:  38% (5/13)   Writing objects:  46% (6/13)   Writing objects:  53% (7/13)   Writing objects:  61% (8/13)   Writing objects:  69% (9/13)   Writing objects:  76% (10/13)   Writing objects:  84% (11/13)   Writing objects:  92% (12/13)   Writing objects: 100% (13/13)   Writing objects: 100% (13/13), 2.95 KiB | 232.00 KiB/s, done.
Total 13 (delta 4), reused 0 (delta 0)
remote: Resolving deltas:   0% (0/4)[Kremote: Resolving deltas:  25% (1/4)[Kremote: Resolving deltas:  50% (2/4)[Kremote: Resolving deltas:  75% (3/4)[Kremote: Resolving deltas: 100% (4/4)[Kremote: Resolving deltas: 100% (4/4), completed with 4 local objects.[K
To https://github.com/EvaMaeRey/package_in_20_minutes.git
   633cc10..2a3dec5  master -> master
]0;~/Google Drive/r_packages/package_in_20_minutesEvangelines-MacBook-Air:package_in_20_minutes evangelinereynolds$ [KEvangelines-MacBook-Air:package_in_20_minutes evangelinereynolds$ [KEvangelines-MacBook-Air:package_in_20_minutes evangelinereynolds$ add[K[K[Kgit add
Nothing specified, nothing added.
Maybe you wanted to say 'git add .'?
]0;~/Google Drive/r_packages/package_in_20_minutesEvangelines-MacBook-Air:package_in_20_minutes evangelinereynolds$ gi[K[Kgit add .
]0;~/Google Drive/r_packages/package_in_20_minutesEvangelines-MacBook-Air:package_in_20_minutes evangelinereynolds$ git commit "[K-m "better r eferences too p[Khelpful packages" 
[master 3ae0fb6] better references too helpful packages
 7 files changed, 88 insertions(+), 24 deletions(-)
 rewrite .Rproj.user/C3865889/console06/INDEX001 (73%)
]0;~/Google Drive/r_packages/package_in_20_minutesEvangelines-MacBook-Air:package_in_20_minutes evangelinereynolds$ git push
Counting objects: 19, done.
Delta compression using up to 4 threads.
Compressing objects:   6% (1/15)   Compressing objects:  13% (2/15)   Compressing objects:  20% (3/15)   Compressing objects:  26% (4/15)   Compressing objects:  33% (5/15)   Compressing objects:  40% (6/15)   Compressing objects:  46% (7/15)   Compressing objects:  53% (8/15)   Compressing objects:  60% (9/15)   Compressing objects:  66% (10/15)   Compressing objects:  73% (11/15)   Compressing objects:  80% (12/15)   Compressing objects:  86% (13/15)   Compressing objects:  93% (14/15)   Compressing objects: 100% (15/15)   Compressing objects: 100% (15/15), done.
Writing objects:   5% (1/19)   Writing objects:  10% (2/19)   Writing objects:  15% (3/19)   Writing objects:  21% (4/19)   Writing objects:  26% (5/19)   Writing objects:  31% (6/19)   Writing objects:  36% (7/19)   Writing objects:  42% (8/19)   Writing objects:  47% (9/19)   Writing objects:  52% (10/19)   Writing objects:  57% (11/19)   Writing objects:  63% (12/19)   Writing objects:  68% (13/19)   Writing objects:  73% (14/19)   Writing objects:  78% (15/19)   Writing objects:  84% (16/19)   Writing objects:  89% (17/19)   Writing objects:  94% (18/19)   Writing objects: 100% (19/19)   Writing objects: 100% (19/19), 3.62 KiB | 127.00 KiB/s, done.
Total 19 (delta 6), reused 0 (delta 0)
remote: Resolving deltas:   0% (0/6)[Kremote: Resolving deltas:  16% (1/6)[Kremote: Resolving deltas:  33% (2/6)[Kremote: Resolving deltas:  50% (3/6)[Kremote: Resolving deltas:  66% (4/6)[Kremote: Resolving deltas:  83% (5/6)[Kremote: Resolving deltas: 100% (6/6)[Kremote: Resolving deltas: 100% (6/6), completed with 6 local objects.[K
To https://github.com/EvaMaeRey/package_in_20_minutes.git
   2a3dec5..3ae0fb6  master -> master
]0;~/Google Drive/r_packages/package_in_20_minutesEvangelines-MacBook-Air:package_in_20_minutes evangelinereynolds$ git pushcommit -m "better reeferences too helpful packages" [A[C[C[C[C[C[C[C[C[C[C[C[C[C[C[C[C[C[C[C[C[C[C[C[C[C[C[C[C[C[C[C[C[C[C[C[C[C[Cadd .[K
[K[A[C[C[C[C[C[C[C[C[C[C[C[C[C[C[C[C[C[C[C[C[C[C[C[C[C[C[C[C[C[C[C[C[C[C[C[C[C[C[C[C[C[C[C[C[C[C[C[C[C[C[C[C[C[C[C[C[C[C[C[C[C[C[C[C[C[C[C[C[C[C[C[C[C[C[C
]0;~/Google Drive/r_packages/package_in_20_minutesEvangelines-MacBook-Air:package_in_20_minutes evangelinereynolds$ git add .[1Ppushcommit -m "better reeferences too helpful packages" [A[C[C[C[C[C[C[C[C[C[C[C[C[C[C[C[C[C[C[C[C[C[C[C[C[C[C[C[C[C[C[C[C[C[C[C[C[C[Cpush[K
[K[A[C[C[C[C[C[C[C[C[C[C[C[C[C[C[C[C[C[C[C[C[C[C[C[C[C[C[C[C[C[C[C[C[C[C[C[C[C[C[C[C[C[C[C[C[C[C[C[C[C[C[C[C[C[C[C[C[C[C[C[C[C[C[C[C[C[C[C[C[C[C[C[C[C[C[K[K[K[Kcommit -m "cleanu[K up s"
[master e14853d] clean ups
 4 files changed, 24 insertions(+), 9 deletions(-)
]0;~/Google Drive/r_packages/package_in_20_minutesEvangelines-MacBook-Air:package_in_20_minutes evangelinereynolds$ git push
Counting objects: 11, done.
Delta compression using up to 4 threads.
Compressing objects:  10% (1/10)   Compressing objects:  20% (2/10)   Compressing objects:  30% (3/10)   Compressing objects:  40% (4/10)   Compressing objects:  50% (5/10)   Compressing objects:  60% (6/10)   Compressing objects:  70% (7/10)   Compressing objects:  80% (8/10)   Compressing objects:  90% (9/10)   Compressing objects: 100% (10/10)   Compressing objects: 100% (10/10), done.
Writing objects:   9% (1/11)   Writing objects:  18% (2/11)   Writing objects:  27% (3/11)   Writing objects:  36% (4/11)   Writing objects:  45% (5/11)   Writing objects:  54% (6/11)   Writing objects:  63% (7/11)   Writing objects:  72% (8/11)   Writing objects:  81% (9/11)   Writing objects:  90% (10/11)   Writing objects: 100% (11/11)   Writing objects: 100% (11/11), 1.41 KiB | 1.41 MiB/s, done.
Total 11 (delta 4), reused 0 (delta 0)
remote: Resolving deltas:   0% (0/4)[Kremote: Resolving deltas:  25% (1/4)[Kremote: Resolving deltas:  50% (2/4)[Kremote: Resolving deltas:  75% (3/4)[Kremote: Resolving deltas: 100% (4/4)[Kremote: Resolving deltas: 100% (4/4), completed with 4 local objects.[K
To https://github.com/EvaMaeRey/package_in_20_minutes.git
   3ae0fb6..e14853d  master -> master
[KEvangelines-MacBook-Air:package_in_20_minutes evangelinereynolds$ git add .
