]0;~/Google Drive/r_packages/package_in_20_minutes[?1034hEvangelines-MacBook-Air:package_in_20_minutes evangelinereynolds$ [KEvangelines-MacBook-Air:package_in_20_minutes evangelinereynolds$ git remote add origin  https://github.com/EvaMaeRey/package_in_20_minutes.git
fatal: Not a git repository (or any of the parent directories): .git
]0;~/Google Drive/r_packages/package_in_20_minutesEvangelines-MacBook-Air:package_in_20_minutes evangelinereynolds$ git push -u origin mas ter
fatal: Not a git repository (or any of the parent directories): .git
]0;~/Google Drive/r_packages/package_in_20_minutesEvangelines-MacBook-Air:package_in_20_minutes evangelinereynolds$ git init
Initialized empty Git repository in /Users/evangelinereynolds/Google Drive/r_packages/package_in_20_minutes/.git/
]0;~/Google Drive/r_packages/package_in_20_minutesEvangelines-MacBook-Air:package_in_20_minutes evangelinereynolds$ git initpush -u origin mastter[A[C[C[C[C[C[C[C[C[C[C[C[C[C[C[C[C[C[C[C[C[C[C[C[C[C[C[C[C[C[C[C[C[C[C[C[C[C[C[C[C[C[C[C[C[C[C[C[C[C[C[C[C[C[C[C[C[C[C[C[C[C[C[C[C[C[C[Cremote add origin https://github.com/EvaMaeRey/package_in_20_minutes.git
]0;~/Google Drive/r_packages/package_in_20_minutesEvangelines-MacBook-Air:package_in_20_minutes evangelinereynolds$ git remote add origin hhttps://github.com/EvaMaeRey/package_in_20_minutes.git[A[C[C[C[C[C[C[C[C[C[C[C[C[C[C[C[Cinit[K
[K[A[C[C[C[C[C[C[C[C[C[C[C[C[C[C[C[C[C[C[C[C[C[C[C[C[C[C[C[C[C[C[C[C[C[C[C[C[C[C[C[C[C[C[C[C[C[C[C[C[C[C[C[C[C[C[C[C[C[C[C[C[C[C[C[C[C[C[C[C[C[C[C[C[C[Cpush -u origin mastter[A[C[C[C[C[C[C[C[C[C[C[C[C[C[C[C[C[C[C[C[C[C[C[C[C[C[C[C[C[C[C[C[C[C[C[C[C[C[C[C[C[C[C[C[C[C[C[C[C[C[C[C[C[C[C[C[C[C[C[C[C[C[C[C[C[C[C[Cinit[K
[K[A[C[C[C[C[C[C[C[C[C[C[C[C[C[C[C[C[C[C[C[C[C[C[C[C[C[C[C[C[C[C[C[C[C[C[C[C[C[C[C[C[C[C[C[C[C[C[C[C[C[C[C[C[C[C[C[C[C[C[C[C[C[C[C[C[C[C[C[C[C[C[C[C[C[Cremote add origin hhttps://github.com/EvaMaeRey/package_in_20_minutes.git[A[C[C[C[C[C[C[C[C[C[C[C[C[C[C[C[Cinit[K
[K[A[C[C[C[C[C[C[C[C[C[C[C[C[C[C[C[C[C[C[C[C[C[C[C[C[C[C[C[C[C[C[C[C[C[C[C[C[C[C[C[C[C[C[C[C[C[C[C[C[C[C[C[C[C[C[C[C[C[C[C[C[C[C[C[C[C[C[C[C[C[C[C[C[C[Cpush -u origin mastter[A[C[C[C[C[C[C[C[C[C[C[C[C[C[C[C[C[C[C[C[C[C[C[C[C[C[C[C[C[C[C[C[C[C[C[C[C[C[C[C[C[C[C[C[C[C[C[C[C[C[C[C[C[C[C[C[C[C[C[C[C[C[C[C[C[C[C[Cremote add origin https://github.com/EvaMaeRey/package_in_20_minutes.git[A[C[C[C[C[C[C[C[C[C[C[C[C[C[C[C[Cpush[K
[K[A[C[C[C[C[C[C[C[C[C[C[C[C[C[C[C[C[C[C[C[C[C[C[C[C[C[C[C[C[C[C[C[C[C[C[C[C[C[C[C[C[C[C[C[C[C[C[C[C[C[C[C[C[C[C[C[C[C[C[C[C[C[C[C[C[C[C[C[C[C[C[C[C[C[Cllsh --set-upstreamm origin master[A[C[C[C[C[C[C[C[C[C[C[C[C[C[C[C[C[C[C[C[C[C[C[C[C[C[C[C[C[C[C[C[C[C[C[C[C[C[C[C[C[C[C[C[C[C[C[C[C[C[C[C[C[C[C[C[C[Cll[K
[K[A[C[C[C[C[C[C[C[C[C[C[C[C[C[C[C[C[C[C[C[C[C[C[C[C[C[C[C[C[C[C[C[C[C[C[C[C[C[C[C[C[C[C[C[C[C[C[C[C[C[C[C[C[C[C[C[C[C[C[C[C[C[C[C[C[C[C[C[C[C[C[C[C[C[Cshremote add origin hhttps://github.com/EvaMaeRey/package_in_20_minutes.git[A[C[C[C[C[C[C[C[C[C[C[C[C[C[C[C[Cpush -u origin master[K[A[C[C[C[C[C[C[C[C[C[C[C[C[C[C[C[C[C[C[C[C[C[C[C[C[C[C[C[C[C[C[C[C[C[C[C[C[C[C[C[C[C[C[C[C[C[C[C[C[C[C[C[C[C[C[C[C[C[C[C[C[C[C[C[C[C[C[Cinit[K
[K[A[C[C[C[C[C[C[C[C[C[C[C[C[C[C[C[C[C[C[C[C[C[C[C[C[C[C[C[C[C[C[C[C[C[C[C[C[C[C[C[C[C[C[C[C[C[C[C[C[C[C[C[C[C[C[C[C[C[C[C[C[C[C[C[C[C[C[C[C[C[C[C[C[C[Cremote add origin hhttps://github.com/EvaMaeRey/package_in_20_minutes.git[A[C[C[C[C[C[C[C[C[C[C[C[C[K
[K[A[C[C[C[C[C[C[C[C[C[C[C[C[C[C[C[C[C[C[C[C[C[C[C[C[C[C[C[C[C[C[C[C[C[C[C[C[C[C[C[C[C[C[C[C[C[C[C[C[C[C[C[C[C[C[C[C[C[C[C[C[C[C[C[C[C[Cgit push -u origin mas ter
error: src refspec master does not match any.
error: failed to push some refs to 'https://github.com/EvaMaeRey/package_in_20_minutes.git'
]0;~/Google Drive/r_packages/package_in_20_minutesEvangelines-MacBook-Air:package_in_20_minutes evangelinereynolds$ git add .
]0;~/Google Drive/r_packages/package_in_20_minutesEvangelines-MacBook-Air:package_in_20_minutes evangelinereynolds$ git commit -m ([K"this is  a guide for creatng a pla[K[Kackage"
[master (root-commit) aad6ae4] this is a guide for creatng a package
 7 files changed, 580 insertions(+)
 create mode 100644 .Rproj.user/C3865889/console06/2F647498
 create mode 100644 .Rproj.user/C3865889/console06/2F647498.env
 create mode 100644 .Rproj.user/C3865889/console06/INDEX001
 create mode 100644 .Rproj.user/C3865889/sources/s-BF1B6B32/lock_file
 create mode 100644 .Rproj.user/shared/notebooks/patch-chunk-names
 create mode 100644 package_in_20_minutes.Rmd
 create mode 100644 package_in_20_minutes.Rproj
]0;~/Google Drive/r_packages/package_in_20_minutesEvangelines-MacBook-Air:package_in_20_minutes evangelinereynolds$ git commit -m "this is  a guide for creatng a package"[A[C[C[C[C[C[C[C[C[C[C[C[C[C[C[C[C[C[C[C[C[C[C[C[C[C[C[C[C[C[C[C[C[C[C[C[K
[K[A[C[C[C[C[C[C[C[C[C[C[C[C[C[C[C[C[C[C[C[C[C[C[C[C[C[C[C[C[C[C[C[C[C[C[C[C[C[C[C[C[C[C[C[C[C[C[C[C[C[C[C[C[C[C[C[C[C[C[C[C[C[C[C[C[C[Cgit commit -m "this is  a guide for creatng a package"[A[C[C[C[C[C[C[C[C[C[C[C[C[C[C[C[C[C[C[C[C[C[C[C[C[C[C[C[C[C[C[C[C[C[C[C[C[C[C[Cadd .[K
[K[A[C[C[C[C[C[C[C[C[C[C[C[C[C[C[C[C[C[C[C[C[C[C[C[C[C[C[C[C[C[C[C[C[C[C[C[C[C[C[C[C[C[C[C[C[C[C[C[C[C[C[C[C[C[C[C[C[C[C[C[C[C[C[C[C[C[C[C[C[C[C[C[C[C[C[Cpush -u origin mastter
Counting objects: 15, done.
Delta compression using up to 4 threads.
Compressing objects:  10% (1/10)   Compressing objects:  20% (2/10)   Compressing objects:  30% (3/10)   Compressing objects:  40% (4/10)   Compressing objects:  50% (5/10)   Compressing objects:  60% (6/10)   Compressing objects:  70% (7/10)   Compressing objects:  80% (8/10)   Compressing objects:  90% (9/10)   Compressing objects: 100% (10/10)   Compressing objects: 100% (10/10), done.
Writing objects:   6% (1/15)   Writing objects:  13% (2/15)   Writing objects:  20% (3/15)   Writing objects:  26% (4/15)   Writing objects:  33% (5/15)   Writing objects:  40% (6/15)   Writing objects:  46% (7/15)   Writing objects:  53% (8/15)   Writing objects:  60% (9/15)   Writing objects:  66% (10/15)   Writing objects:  73% (11/15)   Writing objects:  80% (12/15)   Writing objects:  86% (13/15)   Writing objects:  93% (14/15)   Writing objects: 100% (15/15)   Writing objects: 100% (15/15), 7.32 KiB | 2.44 MiB/s, done.
Total 15 (delta 0), reused 0 (delta 0)
To https://github.com/EvaMaeRey/package_in_20_minutes.git
 * [new branch]      master -> master
Branch master set up to track remote branch master from origin.
]0;~/Google Drive/r_packages/package_in_20_minutesEvangelines-MacBook-Air:package_in_20_minutes evangelinereynolds$ [KEvangelines-MacBook-Air:package_in_20_minutes evangelinereynolds$ git push -u origin mastter[A[C[C[C[C[C[C[C[C[C[C[C[C[C[C[C[C[C[C[C[C[C[C[C[C[C[C[C[C[C[C[C[C[C[C[C[C[C[C[C[C[C[C[C[C[C[C[C[C[C[C[C[C[C[C[C[C[C[C[C[C[C[C[C[C[C[C[Ccommit -m "this is a guide for creatng a package"[A[C[C[C[C[C[C[C[C[C[C[C[C[C[C[C[C[C[C[C[C[C[C[C[C[C[C[C[C[C[C[C[C[C[C[C[C[C[C[Cadd .[K
[K[A[C[C[C[C[C[C[C[C[C[C[C[C[C[C[C[C[C[C[C[C[C[C[C[C[C[C[C[C[C[C[C[C[C[C[C[C[C[C[C[C[C[C[C[C[C[C[C[C[C[C[C[C[C[C[C[C[C[C[C[C[C[C[C[C[C[C[C[C[C[C[C[C[C[C[C
]0;~/Google Drive/r_packages/package_in_20_minutesEvangelines-MacBook-Air:package_in_20_minutes evangelinereynolds$ git add .push -u origin mastter[A[C[C[C[C[C[C[C[C[C[C[C[C[C[C[C[C[C[C[C[C[C[C[C[C[C[C[C[C[C[C[C[C[C[C[C[C[C[C[C[C[C[C[C[C[C[C[C[C[C[C[C[C[C[C[C[C[C[C[C[C[C[C[C[C[C[C[Ccommit -m "this is a guide for creatng a package"[1P"[1P"[1P"[1P"[1P"[1P"[1P"[1P"[1P"[1P"[1P"[1P"[1P"[1P"[1P"[1P"[1P"[1P"[1P"[1P"[1P"[1P"[1P"[1P"[1P"[1P"[1P"[1P"[1P"[1P"[A[C[C[C[C[C[C[C[C[C[C[C[C[C[C[C[C[C[C[C[C[C[C[C[C[C[C[C[C[C[C[C[C[C[C[C[C[C[C[C[C[C[C[C[C[C[C[C[C[C[C[C[C[C[C[C[C[C[C[C[C[C[C[C[C[C[C[C[C[C[C[C[C[C[C[C[C[C[C[C[C[C[C[C[C[C[C[C" [K[A[C[C[C[C[C[C[C[C[C[C[C[C[C[C[C[C[C[C[C[C[C[C[C[C[C[C[C[C[C[C[C[C[C[C[C[C[C[C[C[C[C[C[C[C[C[C[C[C[C[C[C[C[C[C[C[C[C[C[C[C[C[C[C[C[C[C[C[C[C[C[C[C[C[C[C[C[C[C[C[C[C[C[C[C[C[C[C[1P"
[K[A[C[C[C[C[C[C[C[C[C[C[C[C[C[C[C[C[C[C[C[C[C[C[C[C[C[C[C[C[C[C[C[C[C[C[C[C[C[C[C[C[C[C[C[C[C[C[C[C[C[C[C[C[C[C[C[C[C[C[C[C[C[C[C[C[C[C[C[C[C[C[C[C[C[C[C[C[C[C[C[C[C[C[C[C[C[C[1P"[1P"[1P"[1P"[1P"c"o"m"p"i"l" [A[C[C[C[C[C[C[C[C[C[C[C[C[C[C[C[C[C[C[C[C[C[C[C[C[C[C[C[C[C[C[C[C[C[C[C[C[C[C[C[C[C[C[C[C[C[C[C[C[C[C[C[C[C[C[C[C[C[C[C[C[C[C[C[C[C[C[C[C[C[C[C[C[C[C[C[C[C[C[C[C[C[C[C[C[C[Ce""d" "R"m"d"
[master 633cc10] compiled Rmd
 11 files changed, 1316 insertions(+), 3 deletions(-)
 create mode 100644 .Rproj.user/C3865889/sources/prop/73D7C0E6
 create mode 100644 .Rproj.user/C3865889/sources/prop/INDEX
 create mode 100644 .Rproj.user/C3865889/sources/s-BF1B6B32/BE2D338E
 create mode 100644 .Rproj.user/C3865889/sources/s-BF1B6B32/BE2D338E-contents
 create mode 100644 .Rproj.user/shared/notebooks/9C2613DE-package_in_20_minutes/1/C3865889BF1B6B32/chunks.json
 create mode 100644 .Rproj.user/shared/notebooks/9C2613DE-package_in_20_minutes/1/s/chunks.json
 create mode 100644 .Rproj.user/shared/notebooks/paths
 create mode 100644 package_in_20_minutes.html
]0;~/Google Drive/r_packages/package_in_20_minutesEvangelines-MacBook-Air:package_in_20_minutes evangelinereynolds$ fa[K[Ktw[K[Kc[Kge[Kit add[K[K[K[K[K[Kit push
Counting objects: 22, done.
Delta compression using up to 4 threads.
Compressing objects:   5% (1/19)   Compressing objects:  10% (2/19)   Compressing objects:  15% (3/19)   Compressing objects:  21% (4/19)   Compressing objects:  26% (5/19)   Compressing objects:  31% (6/19)   Compressing objects:  36% (7/19)   Compressing objects:  42% (8/19)   Compressing objects:  47% (9/19)   Compressing objects:  52% (10/19)   Compressing objects:  57% (11/19)   Compressing objects:  63% (12/19)   Compressing objects:  68% (13/19)   Compressing objects:  73% (14/19)   Compressing objects:  78% (15/19)   Compressing objects:  84% (16/19)   Compressing objects:  89% (17/19)   Compressing objects:  94% (18/19)   Compressing objects: 100% (19/19)   Compressing objects: 100% (19/19), done.
Writing objects:   4% (1/22)   Writing objects:   9% (2/22)   Writing objects:  13% (3/22)   Writing objects:  18% (4/22)   Writing objects:  22% (5/22)   Writing objects:  27% (6/22)   Writing objects:  31% (7/22)   Writing objects:  36% (8/22)   Writing objects:  40% (9/22)   Writing objects:  45% (10/22)   Writing objects:  50% (11/22)   Writing objects:  54% (12/22)   Writing objects:  59% (13/22)   Writing objects:  63% (14/22)   Writing objects:  68% (15/22)   Writing objects:  72% (16/22)   Writing objects:  77% (17/22)   Writing objects:  81% (18/22)   Writing objects:  86% (19/22)   Writing objects:  90% (20/22)   Writing objects:  95% (21/22)   Writing objects: 100% (22/22)   Writing objects: 100% (22/22), 221.91 KiB | 4.82 MiB/s, done.
Total 22 (delta 2), reused 0 (delta 0)
remote: Resolving deltas:   0% (0/2)[Kremote: Resolving deltas:  50% (1/2)[Kremote: Resolving deltas: 100% (2/2)[Kremote: Resolving deltas: 100% (2/2), completed with 2 local objects.[K
To https://github.com/EvaMaeRey/package_in_20_minutes.git
   aad6ae4..633cc10  master -> master
[KEvangelines-MacBook-Air:package_in_20_minutes evangelinereynolds$ git pushllsh --set-upstream origin master[Kcommit -m "let's try this again"add .[K